// Jest Snapshot v1, https://goo.gl/fbAQLP

exports[`base: renders correctly 1`] = `
<nav
  className="navbar-leihs ui-main-nav navbar-expand navbar navbar-dark bg-dark"
  style={
    Object {
      "backgroundColor": "#343a40 !important",
    }
  }
>
  <a
    className="navbar-brand"
    href="/"
  />
  <button
    className="navbar-toggler"
    onClick={[Function]}
    type="button"
  >
    <span
      className="navbar-toggler-icon"
    />
  </button>
  <div
    className="collapse navbar-collapse"
    style={Object {}}
  >
    <ul
      className="mr-auto navbar-nav"
    />
    <ul
      className="ml-auto navbar-nav"
    >
      <form
        action="/sign-in"
        className="ui-form-signin form-inline my-0"
        method="POST"
      >
        <div
          className="input-group"
        >
          <input
            aria-describedby="button-addon2"
            aria-label="Benutzername/E-Mail"
            autoCapitalize="off"
            autoCorrect="off"
            className="form-control"
            name="user"
            placeholder="Benutzername/E-Mail"
            required={false}
            type="text"
          />
          <div
            className="input-group-append"
          >
            <button
              className="btn btn-success"
              id="button-addon2"
              type="submit"
            >
              Login
            </button>
          </div>
        </div>
        <div
          aria-hidden={true}
          className="sr-only"
          tabIndex={-1}
        >
          <input
            name="invisible-password"
            type="hidden"
            value="true"
          />
          <label>
            Passwort
            <input
              autoComplete="current-password"
              className="form-control"
              name="password"
              type="password"
            />
          </label>
        </div>
        <input
          name="csrf-token"
          type="hidden"
          value="7d4eeec4-070c-4ea5-a778-85f29d9177e2"
        />
      </form>
    </ul>
  </div>
</nav>
`;

exports[`no user, marks default lang: renders correctly 1`] = `
<nav
  className="navbar-leihs ui-main-nav navbar-expand navbar navbar-dark bg-dark"
  style={
    Object {
      "backgroundColor": "#343a40 !important",
    }
  }
>
  <a
    className="navbar-brand"
    href="/"
  />
  <button
    className="navbar-toggler"
    onClick={[Function]}
    type="button"
  >
    <span
      className="navbar-toggler-icon"
    />
  </button>
  <div
    className="collapse navbar-collapse"
    style={Object {}}
  >
    <ul
      className="mr-auto navbar-nav"
    />
    <ul
      className="ml-auto navbar-nav"
    >
      <form
        action="/sign-in"
        className="ui-form-signin form-inline my-0"
        method="POST"
      >
        <div
          className="input-group"
        >
          <input
            aria-describedby="button-addon2"
            aria-label="Benutzername/E-Mail"
            autoCapitalize="off"
            autoCorrect="off"
            className="form-control"
            name="user"
            placeholder="Benutzername/E-Mail"
            required={false}
            type="text"
          />
          <div
            className="input-group-append"
          >
            <button
              className="btn btn-success"
              id="button-addon2"
              type="submit"
            >
              Login
            </button>
          </div>
        </div>
        <div
          aria-hidden={true}
          className="sr-only"
          tabIndex={-1}
        >
          <input
            name="invisible-password"
            type="hidden"
            value="true"
          />
          <label>
            Passwort
            <input
              autoComplete="current-password"
              className="form-control"
              name="password"
              type="password"
            />
          </label>
        </div>
        <input
          name="csrf-token"
          type="hidden"
          value="7d4eeec4-070c-4ea5-a778-85f29d9177e2"
        />
      </form>
      <form
        action="/my/language"
        className="ui-lang-selection"
        method="POST"
      >
        <li
          className="dropdown nav-item"
          onKeyDown={[Function]}
        >
          <a
            aria-expanded={false}
            aria-haspopup={true}
            className="dropdown-toggle nav-link"
            href="#"
            onClick={[Function]}
          >
            <svg
              aria-hidden="true"
              className="svg-inline--fa fa-globe fa-w-16 "
              data-icon="globe"
              data-prefix="fas"
              focusable="false"
              role="img"
              style={Object {}}
              viewBox="0 0 496 512"
              xmlns="http://www.w3.org/2000/svg"
            >
              <path
                d="M336.5 160C322 70.7 287.8 8 248 8s-74 62.7-88.5 152h177zM152 256c0 22.2 1.2 43.5 3.3 64h185.3c2.1-20.5 3.3-41.8 3.3-64s-1.2-43.5-3.3-64H155.3c-2.1 20.5-3.3 41.8-3.3 64zm324.7-96c-28.6-67.9-86.5-120.4-158-141.6 24.4 33.8 41.2 84.7 50 141.6h108zM177.2 18.4C105.8 39.6 47.8 92.1 19.3 160h108c8.7-56.9 25.5-107.8 49.9-141.6zM487.4 192H372.7c2.1 21 3.3 42.5 3.3 64s-1.2 43-3.3 64h114.6c5.5-20.5 8.6-41.8 8.6-64s-3.1-43.5-8.5-64zM120 256c0-21.5 1.2-43 3.3-64H8.6C3.2 212.5 0 233.8 0 256s3.2 43.5 8.6 64h114.6c-2-21-3.2-42.5-3.2-64zm39.5 96c14.5 89.3 48.7 152 88.5 152s74-62.7 88.5-152h-177zm159.3 141.6c71.4-21.2 129.4-73.7 158-141.6h-108c-8.8 56.9-25.6 107.8-50 141.6zM19.3 352c28.6 67.9 86.5 120.4 158 141.6-24.4-33.8-41.2-84.7-50-141.6h-108z"
                fill="currentColor"
                style={Object {}}
              />
            </svg>
          </a>
          <div
            aria-hidden={true}
            className="dropdown-menu dropdown-menu-right"
            role="menu"
            tabIndex="-1"
          >
            <button
              className="dropdown-item"
              data-trigger={true}
              disabled={false}
              name="locale"
              onClick={[Function]}
              tabIndex="0"
              type="submit"
              value="en"
            >
              EN
            </button>
            <button
              className="text-dark ui-selected-lang disabled dropdown-item"
              data-trigger={true}
              disabled={true}
              name="locale"
              onClick={[Function]}
              tabIndex="-1"
              type="submit"
              value="de"
            >
              <b>
                DE
              </b>
            </button>
          </div>
        </li>
        <input
          name="csrf-token"
          type="hidden"
          value="7d4eeec4-070c-4ea5-a778-85f29d9177e2"
        />
      </form>
    </ul>
  </div>
</nav>
`;

exports[`no user, with selected lang same as default lang: renders correctly 1`] = `
<nav
  className="navbar-leihs ui-main-nav navbar-expand navbar navbar-dark bg-dark"
  style={
    Object {
      "backgroundColor": "#343a40 !important",
    }
  }
>
  <a
    className="navbar-brand"
    href="/"
  />
  <button
    className="navbar-toggler"
    onClick={[Function]}
    type="button"
  >
    <span
      className="navbar-toggler-icon"
    />
  </button>
  <div
    className="collapse navbar-collapse"
    style={Object {}}
  >
    <ul
      className="mr-auto navbar-nav"
    />
    <ul
      className="ml-auto navbar-nav"
    >
      <form
        action="/sign-in"
        className="ui-form-signin form-inline my-0"
        method="POST"
      >
        <div
          className="input-group"
        >
          <input
            aria-describedby="button-addon2"
            aria-label="Benutzername/E-Mail"
            autoCapitalize="off"
            autoCorrect="off"
            className="form-control"
            name="user"
            placeholder="Benutzername/E-Mail"
            required={false}
            type="text"
          />
          <div
            className="input-group-append"
          >
            <button
              className="btn btn-success"
              id="button-addon2"
              type="submit"
            >
              Login
            </button>
          </div>
        </div>
        <div
          aria-hidden={true}
          className="sr-only"
          tabIndex={-1}
        >
          <input
            name="invisible-password"
            type="hidden"
            value="true"
          />
          <label>
            Passwort
            <input
              autoComplete="current-password"
              className="form-control"
              name="password"
              type="password"
            />
          </label>
        </div>
        <input
          name="csrf-token"
          type="hidden"
          value="7d4eeec4-070c-4ea5-a778-85f29d9177e2"
        />
      </form>
      <form
        action="/my/language"
        className="ui-lang-selection"
        method="POST"
      >
        <li
          className="dropdown nav-item"
          onKeyDown={[Function]}
        >
          <a
            aria-expanded={false}
            aria-haspopup={true}
            className="dropdown-toggle nav-link"
            href="#"
            onClick={[Function]}
          >
            <svg
              aria-hidden="true"
              className="svg-inline--fa fa-globe fa-w-16 "
              data-icon="globe"
              data-prefix="fas"
              focusable="false"
              role="img"
              style={Object {}}
              viewBox="0 0 496 512"
              xmlns="http://www.w3.org/2000/svg"
            >
              <path
                d="M336.5 160C322 70.7 287.8 8 248 8s-74 62.7-88.5 152h177zM152 256c0 22.2 1.2 43.5 3.3 64h185.3c2.1-20.5 3.3-41.8 3.3-64s-1.2-43.5-3.3-64H155.3c-2.1 20.5-3.3 41.8-3.3 64zm324.7-96c-28.6-67.9-86.5-120.4-158-141.6 24.4 33.8 41.2 84.7 50 141.6h108zM177.2 18.4C105.8 39.6 47.8 92.1 19.3 160h108c8.7-56.9 25.5-107.8 49.9-141.6zM487.4 192H372.7c2.1 21 3.3 42.5 3.3 64s-1.2 43-3.3 64h114.6c5.5-20.5 8.6-41.8 8.6-64s-3.1-43.5-8.5-64zM120 256c0-21.5 1.2-43 3.3-64H8.6C3.2 212.5 0 233.8 0 256s3.2 43.5 8.6 64h114.6c-2-21-3.2-42.5-3.2-64zm39.5 96c14.5 89.3 48.7 152 88.5 152s74-62.7 88.5-152h-177zm159.3 141.6c71.4-21.2 129.4-73.7 158-141.6h-108c-8.8 56.9-25.6 107.8-50 141.6zM19.3 352c28.6 67.9 86.5 120.4 158 141.6-24.4-33.8-41.2-84.7-50-141.6h-108z"
                fill="currentColor"
                style={Object {}}
              />
            </svg>
          </a>
          <div
            aria-hidden={true}
            className="dropdown-menu dropdown-menu-right"
            role="menu"
            tabIndex="-1"
          >
            <button
              className="dropdown-item"
              data-trigger={true}
              disabled={false}
              name="locale"
              onClick={[Function]}
              tabIndex="0"
              type="submit"
              value="en"
            >
              EN
            </button>
            <button
              className="text-dark ui-selected-lang disabled dropdown-item"
              data-trigger={true}
              disabled={true}
              name="locale"
              onClick={[Function]}
              tabIndex="-1"
              type="submit"
              value="de"
            >
              <b>
                DE
              </b>
            </button>
          </div>
        </li>
        <input
          name="csrf-token"
          type="hidden"
          value="7d4eeec4-070c-4ea5-a778-85f29d9177e2"
        />
      </form>
    </ul>
  </div>
</nav>
`;

exports[`no user, with selected lang: renders correctly 1`] = `
<nav
  className="navbar-leihs ui-main-nav navbar-expand navbar navbar-dark bg-dark"
  style={
    Object {
      "backgroundColor": "#343a40 !important",
    }
  }
>
  <a
    className="navbar-brand"
    href="/"
  />
  <button
    className="navbar-toggler"
    onClick={[Function]}
    type="button"
  >
    <span
      className="navbar-toggler-icon"
    />
  </button>
  <div
    className="collapse navbar-collapse"
    style={Object {}}
  >
    <ul
      className="mr-auto navbar-nav"
    />
    <ul
      className="ml-auto navbar-nav"
    >
      <form
        action="/sign-in"
        className="ui-form-signin form-inline my-0"
        method="POST"
      >
        <div
          className="input-group"
        >
          <input
            aria-describedby="button-addon2"
            aria-label="Username/E-Mail"
            autoCapitalize="off"
            autoCorrect="off"
            className="form-control"
            name="user"
            placeholder="Username/E-Mail"
            required={false}
            type="text"
          />
          <div
            className="input-group-append"
          >
            <button
              className="btn btn-success"
              id="button-addon2"
              type="submit"
            >
              Login
            </button>
          </div>
        </div>
        <div
          aria-hidden={true}
          className="sr-only"
          tabIndex={-1}
        >
          <input
            name="invisible-password"
            type="hidden"
            value="true"
          />
          <label>
            password
            <input
              autoComplete="current-password"
              className="form-control"
              name="password"
              type="password"
            />
          </label>
        </div>
        <input
          name="csrf-token"
          type="hidden"
          value="7d4eeec4-070c-4ea5-a778-85f29d9177e2"
        />
      </form>
      <form
        action="/my/language"
        className="ui-lang-selection"
        method="POST"
      >
        <li
          className="dropdown nav-item"
          onKeyDown={[Function]}
        >
          <a
            aria-expanded={false}
            aria-haspopup={true}
            className="dropdown-toggle nav-link"
            href="#"
            onClick={[Function]}
          >
            <svg
              aria-hidden="true"
              className="svg-inline--fa fa-globe fa-w-16 "
              data-icon="globe"
              data-prefix="fas"
              focusable="false"
              role="img"
              style={Object {}}
              viewBox="0 0 496 512"
              xmlns="http://www.w3.org/2000/svg"
            >
              <path
                d="M336.5 160C322 70.7 287.8 8 248 8s-74 62.7-88.5 152h177zM152 256c0 22.2 1.2 43.5 3.3 64h185.3c2.1-20.5 3.3-41.8 3.3-64s-1.2-43.5-3.3-64H155.3c-2.1 20.5-3.3 41.8-3.3 64zm324.7-96c-28.6-67.9-86.5-120.4-158-141.6 24.4 33.8 41.2 84.7 50 141.6h108zM177.2 18.4C105.8 39.6 47.8 92.1 19.3 160h108c8.7-56.9 25.5-107.8 49.9-141.6zM487.4 192H372.7c2.1 21 3.3 42.5 3.3 64s-1.2 43-3.3 64h114.6c5.5-20.5 8.6-41.8 8.6-64s-3.1-43.5-8.5-64zM120 256c0-21.5 1.2-43 3.3-64H8.6C3.2 212.5 0 233.8 0 256s3.2 43.5 8.6 64h114.6c-2-21-3.2-42.5-3.2-64zm39.5 96c14.5 89.3 48.7 152 88.5 152s74-62.7 88.5-152h-177zm159.3 141.6c71.4-21.2 129.4-73.7 158-141.6h-108c-8.8 56.9-25.6 107.8-50 141.6zM19.3 352c28.6 67.9 86.5 120.4 158 141.6-24.4-33.8-41.2-84.7-50-141.6h-108z"
                fill="currentColor"
                style={Object {}}
              />
            </svg>
          </a>
          <div
            aria-hidden={true}
            className="dropdown-menu dropdown-menu-right"
            role="menu"
            tabIndex="-1"
          >
            <button
              className="text-dark ui-selected-lang disabled dropdown-item"
              data-trigger={true}
              disabled={true}
              name="locale"
              onClick={[Function]}
              tabIndex="-1"
              type="submit"
              value="en"
            >
              <b>
                EN
              </b>
            </button>
            <button
              className="dropdown-item"
              data-trigger={true}
              disabled={false}
              name="locale"
              onClick={[Function]}
              tabIndex="0"
              type="submit"
              value="de"
            >
              DE
            </button>
          </div>
        </li>
        <input
          name="csrf-token"
          type="hidden"
          value="7d4eeec4-070c-4ea5-a778-85f29d9177e2"
        />
      </form>
    </ul>
  </div>
</nav>
`;

exports[`on root page, logged out: renders correctly 1`] = `
<nav
  className="navbar-leihs ui-main-nav navbar-expand navbar navbar-dark bg-dark"
  style={
    Object {
      "backgroundColor": "#343a40 !important",
    }
  }
>
  <a
    className="navbar-brand"
    href="/"
  >
    leihs
  </a>
  <button
    className="navbar-toggler"
    onClick={[Function]}
    type="button"
  >
    <span
      className="navbar-toggler-icon"
    />
  </button>
  <div
    className="collapse navbar-collapse"
    style={Object {}}
  >
    <ul
      className="mr-auto navbar-nav"
    />
    <ul
      className="ml-auto navbar-nav"
    >
      <form
        action="/sign-in"
        className="ui-form-signin form-inline my-0"
        method="POST"
      >
        <div
          className="input-group"
        >
          <input
            aria-describedby="button-addon2"
            aria-label="Benutzername/E-Mail"
            autoCapitalize="off"
            autoCorrect="off"
            className="form-control"
            name="user"
            placeholder="Benutzername/E-Mail"
            required={false}
            type="text"
          />
          <div
            className="input-group-append"
          >
            <button
              className="btn btn-success"
              id="button-addon2"
              type="submit"
            >
              Login
            </button>
          </div>
        </div>
        <div
          aria-hidden={true}
          className="sr-only"
          tabIndex={-1}
        >
          <input
            name="invisible-password"
            type="hidden"
            value="true"
          />
          <label>
            Passwort
            <input
              autoComplete="current-password"
              className="form-control"
              name="password"
              type="password"
            />
          </label>
        </div>
        <input
          name="csrf-token"
          type="hidden"
          value="7d4eeec4-070c-4ea5-a778-85f29d9177e2"
        />
        <input
          name="return-to"
          type="hidden"
          value="/someapp"
        />
      </form>
    </ul>
  </div>
</nav>
`;

exports[`usage in shared app: renders correctly 1`] = `
<nav
  className="navbar-leihs ui-main-nav navbar-expand navbar navbar-dark bg-dark"
  style={
    Object {
      "backgroundColor": "hsl(94.19999999999999, 100%, 12.9%) !important",
    }
  }
>
  <a
    className="navbar-brand"
    href="/"
  >
    leihs
  </a>
  <button
    className="navbar-toggler"
    onClick={[Function]}
    type="button"
  >
    <span
      className="navbar-toggler-icon"
    />
  </button>
  <div
    className="collapse navbar-collapse"
    style={Object {}}
  >
    <ul
      className="mr-auto navbar-nav"
    >
      <li
        className="nav-item"
      >
        <a
          className="nav-link"
          data-foo="bar"
          href="/1"
          onClick={[Function]}
        >
          <svg
            aria-hidden="true"
            className="svg-inline--fa fa-cog fa-w-16 fa-fw mr-1"
            data-icon="cog"
            data-prefix="fas"
            focusable="false"
            role="img"
            style={Object {}}
            viewBox="0 0 512 512"
            xmlns="http://www.w3.org/2000/svg"
          >
            <path
              d="M487.4 315.7l-42.6-24.6c4.3-23.2 4.3-47 0-70.2l42.6-24.6c4.9-2.8 7.1-8.6 5.5-14-11.1-35.6-30-67.8-54.7-94.6-3.8-4.1-10-5.1-14.8-2.3L380.8 110c-17.9-15.4-38.5-27.3-60.8-35.1V25.8c0-5.6-3.9-10.5-9.4-11.7-36.7-8.2-74.3-7.8-109.2 0-5.5 1.2-9.4 6.1-9.4 11.7V75c-22.2 7.9-42.8 19.8-60.8 35.1L88.7 85.5c-4.9-2.8-11-1.9-14.8 2.3-24.7 26.7-43.6 58.9-54.7 94.6-1.7 5.4.6 11.2 5.5 14L67.3 221c-4.3 23.2-4.3 47 0 70.2l-42.6 24.6c-4.9 2.8-7.1 8.6-5.5 14 11.1 35.6 30 67.8 54.7 94.6 3.8 4.1 10 5.1 14.8 2.3l42.6-24.6c17.9 15.4 38.5 27.3 60.8 35.1v49.2c0 5.6 3.9 10.5 9.4 11.7 36.7 8.2 74.3 7.8 109.2 0 5.5-1.2 9.4-6.1 9.4-11.7v-49.2c22.2-7.9 42.8-19.8 60.8-35.1l42.6 24.6c4.9 2.8 11 1.9 14.8-2.3 24.7-26.7 43.6-58.9 54.7-94.6 1.5-5.5-.7-11.3-5.6-14.1zM256 336c-44.1 0-80-35.9-80-80s35.9-80 80-80 80 35.9 80 80-35.9 80-80 80z"
              fill="currentColor"
              style={Object {}}
            />
          </svg>
           
          one
        </a>
      </li>
      <li
        className="nav-item"
      >
        <a
          className="nav-link active"
          href="/2"
          onClick={[Function]}
        >
          <svg
            aria-hidden="true"
            className="svg-inline--fa fa-sitemap fa-w-20 fa-fw mr-1"
            data-icon="sitemap"
            data-prefix="fas"
            focusable="false"
            role="img"
            style={Object {}}
            viewBox="0 0 640 512"
            xmlns="http://www.w3.org/2000/svg"
          >
            <path
              d="M128 352H32c-17.67 0-32 14.33-32 32v96c0 17.67 14.33 32 32 32h96c17.67 0 32-14.33 32-32v-96c0-17.67-14.33-32-32-32zm-24-80h192v48h48v-48h192v48h48v-57.59c0-21.17-17.23-38.41-38.41-38.41H344v-64h40c17.67 0 32-14.33 32-32V32c0-17.67-14.33-32-32-32H256c-17.67 0-32 14.33-32 32v96c0 17.67 14.33 32 32 32h40v64H94.41C73.23 224 56 241.23 56 262.41V320h48v-48zm264 80h-96c-17.67 0-32 14.33-32 32v96c0 17.67 14.33 32 32 32h96c17.67 0 32-14.33 32-32v-96c0-17.67-14.33-32-32-32zm240 0h-96c-17.67 0-32 14.33-32 32v96c0 17.67 14.33 32 32 32h96c17.67 0 32-14.33 32-32v-96c0-17.67-14.33-32-32-32z"
              fill="currentColor"
              style={Object {}}
            />
          </svg>
           
          two
        </a>
      </li>
    </ul>
    <ul
      className="ml-auto navbar-nav"
    >
      <li
        className="dropdown nav-item"
        onKeyDown={[Function]}
      >
        <a
          aria-expanded={false}
          aria-haspopup={true}
          className="dropdown-toggle nav-link"
          href="#"
          onClick={[Function]}
        >
          <svg
            aria-hidden="true"
            className="svg-inline--fa fa-user-circle fa-w-16 fa-lg "
            data-icon="user-circle"
            data-prefix="fas"
            focusable="false"
            role="img"
            style={Object {}}
            viewBox="0 0 496 512"
            xmlns="http://www.w3.org/2000/svg"
          >
            <path
              d="M248 8C111 8 0 119 0 256s111 248 248 248 248-111 248-248S385 8 248 8zm0 96c48.6 0 88 39.4 88 88s-39.4 88-88 88-88-39.4-88-88 39.4-88 88-88zm0 344c-58.7 0-111.3-26.6-146.5-68.2 18.8-35.4 55.6-59.8 98.5-59.8 2.4 0 4.8.4 7.1 1.1 13 4.2 26.6 6.9 40.9 6.9 14.3 0 28-2.7 40.9-6.9 2.3-.7 4.7-1.1 7.1-1.1 42.9 0 79.7 24.4 98.5 59.8C359.3 421.4 306.7 448 248 448z"
              fill="currentColor"
              style={Object {}}
            />
          </svg>
        </a>
        <div
          aria-hidden={true}
          className="dropdown-menu dropdown-menu-right"
          role="menu"
          tabIndex="-1"
        >
          <span
            className="text-body disabled dropdown-item"
            data-trigger={true}
            disabled={true}
            onClick={[Function]}
            tabIndex="-1"
          >
            <b />
          </span>
          <div
            className="dropdown-divider"
            data-trigger={true}
            onClick={[Function]}
            tabIndex="-1"
          />
          <a
            className="dropdown-item"
            data-trigger={true}
            href="/borrow/current-user"
            onClick={[Function]}
            tabIndex="0"
          >
            Benutzerdaten
          </a>
          <a
            className="dropdown-item"
            data-trigger={true}
            href="/borrow/current-user"
            onClick={[Function]}
            tabIndex="0"
          >
            Meine Dokumente
          </a>
          <div
            className="dropdown-divider"
            data-trigger={true}
            onClick={[Function]}
            tabIndex="-1"
          />
          <form
            action="/sign-out"
            method="POST"
          >
            <button
              className="dropdown-item"
              data-trigger={true}
              onClick={[Function]}
              tabIndex="0"
              type="submit"
            >
              <input
                name="csrf-token"
                type="hidden"
                value="7d4eeec4-070c-4ea5-a778-85f29d9177e2"
              />
              Logout
            </button>
          </form>
        </div>
      </li>
    </ul>
  </div>
</nav>
`;

exports[`user with lang setting, marks selected lang: renders correctly 1`] = `
<nav
  className="navbar-leihs ui-main-nav navbar-expand navbar navbar-dark bg-dark"
  style={
    Object {
      "backgroundColor": "#343a40 !important",
    }
  }
>
  <a
    className="navbar-brand"
    href="/"
  />
  <button
    className="navbar-toggler"
    onClick={[Function]}
    type="button"
  >
    <span
      className="navbar-toggler-icon"
    />
  </button>
  <div
    className="collapse navbar-collapse"
    style={Object {}}
  >
    <ul
      className="mr-auto navbar-nav"
    />
    <ul
      className="ml-auto navbar-nav"
    >
      <li
        className="dropdown nav-item"
        onKeyDown={[Function]}
      >
        <a
          aria-expanded={false}
          aria-haspopup={true}
          className="dropdown-toggle nav-link"
          href="#"
          onClick={[Function]}
        >
          <svg
            aria-hidden="true"
            className="svg-inline--fa fa-user-circle fa-w-16 fa-lg "
            data-icon="user-circle"
            data-prefix="fas"
            focusable="false"
            role="img"
            style={Object {}}
            viewBox="0 0 496 512"
            xmlns="http://www.w3.org/2000/svg"
          >
            <path
              d="M248 8C111 8 0 119 0 256s111 248 248 248 248-111 248-248S385 8 248 8zm0 96c48.6 0 88 39.4 88 88s-39.4 88-88 88-88-39.4-88-88 39.4-88 88-88zm0 344c-58.7 0-111.3-26.6-146.5-68.2 18.8-35.4 55.6-59.8 98.5-59.8 2.4 0 4.8.4 7.1 1.1 13 4.2 26.6 6.9 40.9 6.9 14.3 0 28-2.7 40.9-6.9 2.3-.7 4.7-1.1 7.1-1.1 42.9 0 79.7 24.4 98.5 59.8C359.3 421.4 306.7 448 248 448z"
              fill="currentColor"
              style={Object {}}
            />
          </svg>
        </a>
        <div
          aria-hidden={true}
          className="dropdown-menu dropdown-menu-right"
          role="menu"
          tabIndex="-1"
        >
          <span
            className="text-body disabled dropdown-item"
            data-trigger={true}
            disabled={true}
            onClick={[Function]}
            tabIndex="-1"
          >
            <b>
              ME
            </b>
          </span>
          <div
            className="dropdown-divider"
            data-trigger={true}
            onClick={[Function]}
            tabIndex="-1"
          />
          <a
            className="dropdown-item"
            data-trigger={true}
            href="/borrow/current-user"
            onClick={[Function]}
            tabIndex="0"
          >
            User data
          </a>
          <a
            className="dropdown-item"
            data-trigger={true}
            href="/borrow/current-user"
            onClick={[Function]}
            tabIndex="0"
          >
            My documents
          </a>
          <div
            className="dropdown-divider"
            data-trigger={true}
            onClick={[Function]}
            tabIndex="-1"
          />
          <form
            action="/sign-out"
            method="POST"
          >
            <button
              className="dropdown-item"
              data-trigger={true}
              onClick={[Function]}
              tabIndex="0"
              type="submit"
            >
              <input
                name="csrf-token"
                type="hidden"
                value="7d4eeec4-070c-4ea5-a778-85f29d9177e2"
              />
              Logout
            </button>
          </form>
        </div>
      </li>
      <form
        action="/my/language"
        className="ui-lang-selection"
        method="POST"
      >
        <li
          className="dropdown nav-item"
          onKeyDown={[Function]}
        >
          <a
            aria-expanded={false}
            aria-haspopup={true}
            className="dropdown-toggle nav-link"
            href="#"
            onClick={[Function]}
          >
            <svg
              aria-hidden="true"
              className="svg-inline--fa fa-globe fa-w-16 "
              data-icon="globe"
              data-prefix="fas"
              focusable="false"
              role="img"
              style={Object {}}
              viewBox="0 0 496 512"
              xmlns="http://www.w3.org/2000/svg"
            >
              <path
                d="M336.5 160C322 70.7 287.8 8 248 8s-74 62.7-88.5 152h177zM152 256c0 22.2 1.2 43.5 3.3 64h185.3c2.1-20.5 3.3-41.8 3.3-64s-1.2-43.5-3.3-64H155.3c-2.1 20.5-3.3 41.8-3.3 64zm324.7-96c-28.6-67.9-86.5-120.4-158-141.6 24.4 33.8 41.2 84.7 50 141.6h108zM177.2 18.4C105.8 39.6 47.8 92.1 19.3 160h108c8.7-56.9 25.5-107.8 49.9-141.6zM487.4 192H372.7c2.1 21 3.3 42.5 3.3 64s-1.2 43-3.3 64h114.6c5.5-20.5 8.6-41.8 8.6-64s-3.1-43.5-8.5-64zM120 256c0-21.5 1.2-43 3.3-64H8.6C3.2 212.5 0 233.8 0 256s3.2 43.5 8.6 64h114.6c-2-21-3.2-42.5-3.2-64zm39.5 96c14.5 89.3 48.7 152 88.5 152s74-62.7 88.5-152h-177zm159.3 141.6c71.4-21.2 129.4-73.7 158-141.6h-108c-8.8 56.9-25.6 107.8-50 141.6zM19.3 352c28.6 67.9 86.5 120.4 158 141.6-24.4-33.8-41.2-84.7-50-141.6h-108z"
                fill="currentColor"
                style={Object {}}
              />
            </svg>
          </a>
          <div
            aria-hidden={true}
            className="dropdown-menu dropdown-menu-right"
            role="menu"
            tabIndex="-1"
          >
            <button
              className="text-dark ui-selected-lang disabled dropdown-item"
              data-trigger={true}
              disabled={true}
              name="locale"
              onClick={[Function]}
              tabIndex="-1"
              type="submit"
              value="en"
            >
              <b>
                EN
              </b>
            </button>
            <button
              className="dropdown-item"
              data-trigger={true}
              disabled={false}
              name="locale"
              onClick={[Function]}
              tabIndex="0"
              type="submit"
              value="de"
            >
              DE
            </button>
          </div>
        </li>
        <input
          name="csrf-token"
          type="hidden"
          value="7d4eeec4-070c-4ea5-a778-85f29d9177e2"
        />
      </form>
    </ul>
  </div>
</nav>
`;

exports[`user without lang setting, marks default lang: renders correctly 1`] = `
<nav
  className="navbar-leihs ui-main-nav navbar-expand navbar navbar-dark bg-dark"
  style={
    Object {
      "backgroundColor": "#343a40 !important",
    }
  }
>
  <a
    className="navbar-brand"
    href="/"
  />
  <button
    className="navbar-toggler"
    onClick={[Function]}
    type="button"
  >
    <span
      className="navbar-toggler-icon"
    />
  </button>
  <div
    className="collapse navbar-collapse"
    style={Object {}}
  >
    <ul
      className="mr-auto navbar-nav"
    />
    <ul
      className="ml-auto navbar-nav"
    >
      <li
        className="dropdown nav-item"
        onKeyDown={[Function]}
      >
        <a
          aria-expanded={false}
          aria-haspopup={true}
          className="dropdown-toggle nav-link"
          href="#"
          onClick={[Function]}
        >
          <svg
            aria-hidden="true"
            className="svg-inline--fa fa-user-circle fa-w-16 fa-lg "
            data-icon="user-circle"
            data-prefix="fas"
            focusable="false"
            role="img"
            style={Object {}}
            viewBox="0 0 496 512"
            xmlns="http://www.w3.org/2000/svg"
          >
            <path
              d="M248 8C111 8 0 119 0 256s111 248 248 248 248-111 248-248S385 8 248 8zm0 96c48.6 0 88 39.4 88 88s-39.4 88-88 88-88-39.4-88-88 39.4-88 88-88zm0 344c-58.7 0-111.3-26.6-146.5-68.2 18.8-35.4 55.6-59.8 98.5-59.8 2.4 0 4.8.4 7.1 1.1 13 4.2 26.6 6.9 40.9 6.9 14.3 0 28-2.7 40.9-6.9 2.3-.7 4.7-1.1 7.1-1.1 42.9 0 79.7 24.4 98.5 59.8C359.3 421.4 306.7 448 248 448z"
              fill="currentColor"
              style={Object {}}
            />
          </svg>
        </a>
        <div
          aria-hidden={true}
          className="dropdown-menu dropdown-menu-right"
          role="menu"
          tabIndex="-1"
        >
          <span
            className="text-body disabled dropdown-item"
            data-trigger={true}
            disabled={true}
            onClick={[Function]}
            tabIndex="-1"
          >
            <b>
              ME
            </b>
          </span>
          <div
            className="dropdown-divider"
            data-trigger={true}
            onClick={[Function]}
            tabIndex="-1"
          />
          <a
            className="dropdown-item"
            data-trigger={true}
            href="/borrow/current-user"
            onClick={[Function]}
            tabIndex="0"
          >
            Benutzerdaten
          </a>
          <a
            className="dropdown-item"
            data-trigger={true}
            href="/borrow/current-user"
            onClick={[Function]}
            tabIndex="0"
          >
            Meine Dokumente
          </a>
          <div
            className="dropdown-divider"
            data-trigger={true}
            onClick={[Function]}
            tabIndex="-1"
          />
          <form
            action="/sign-out"
            method="POST"
          >
            <button
              className="dropdown-item"
              data-trigger={true}
              onClick={[Function]}
              tabIndex="0"
              type="submit"
            >
              <input
                name="csrf-token"
                type="hidden"
                value="7d4eeec4-070c-4ea5-a778-85f29d9177e2"
              />
              Logout
            </button>
          </form>
        </div>
      </li>
      <form
        action="/my/language"
        className="ui-lang-selection"
        method="POST"
      >
        <li
          className="dropdown nav-item"
          onKeyDown={[Function]}
        >
          <a
            aria-expanded={false}
            aria-haspopup={true}
            className="dropdown-toggle nav-link"
            href="#"
            onClick={[Function]}
          >
            <svg
              aria-hidden="true"
              className="svg-inline--fa fa-globe fa-w-16 "
              data-icon="globe"
              data-prefix="fas"
              focusable="false"
              role="img"
              style={Object {}}
              viewBox="0 0 496 512"
              xmlns="http://www.w3.org/2000/svg"
            >
              <path
                d="M336.5 160C322 70.7 287.8 8 248 8s-74 62.7-88.5 152h177zM152 256c0 22.2 1.2 43.5 3.3 64h185.3c2.1-20.5 3.3-41.8 3.3-64s-1.2-43.5-3.3-64H155.3c-2.1 20.5-3.3 41.8-3.3 64zm324.7-96c-28.6-67.9-86.5-120.4-158-141.6 24.4 33.8 41.2 84.7 50 141.6h108zM177.2 18.4C105.8 39.6 47.8 92.1 19.3 160h108c8.7-56.9 25.5-107.8 49.9-141.6zM487.4 192H372.7c2.1 21 3.3 42.5 3.3 64s-1.2 43-3.3 64h114.6c5.5-20.5 8.6-41.8 8.6-64s-3.1-43.5-8.5-64zM120 256c0-21.5 1.2-43 3.3-64H8.6C3.2 212.5 0 233.8 0 256s3.2 43.5 8.6 64h114.6c-2-21-3.2-42.5-3.2-64zm39.5 96c14.5 89.3 48.7 152 88.5 152s74-62.7 88.5-152h-177zm159.3 141.6c71.4-21.2 129.4-73.7 158-141.6h-108c-8.8 56.9-25.6 107.8-50 141.6zM19.3 352c28.6 67.9 86.5 120.4 158 141.6-24.4-33.8-41.2-84.7-50-141.6h-108z"
                fill="currentColor"
                style={Object {}}
              />
            </svg>
          </a>
          <div
            aria-hidden={true}
            className="dropdown-menu dropdown-menu-right"
            role="menu"
            tabIndex="-1"
          >
            <button
              className="dropdown-item"
              data-trigger={true}
              disabled={false}
              name="locale"
              onClick={[Function]}
              tabIndex="0"
              type="submit"
              value="en"
            >
              EN
            </button>
            <button
              className="text-dark ui-selected-lang disabled dropdown-item"
              data-trigger={true}
              disabled={true}
              name="locale"
              onClick={[Function]}
              tabIndex="-1"
              type="submit"
              value="de"
            >
              <b>
                DE
              </b>
            </button>
          </div>
        </li>
        <input
          name="csrf-token"
          type="hidden"
          value="7d4eeec4-070c-4ea5-a778-85f29d9177e2"
        />
      </form>
    </ul>
  </div>
</nav>
`;
